[backblue.gif]
[fade.gif]
[index.html]
[www.google.com/chrome/static/images/favicons/favicon-16x16.png]
[www.google.com/chrome/static/images/favicons/favicon-32x32.png]
[www.google.com/chrome/static/images/favicons/favicon-96x96.png]
[www.google.com/chrome/static/images/favicons/android-icon-192x192.png]
[www.google.com/chrome/static/images/favicons/apple-icon-57x57.png]
[www.google.com/chrome/static/images/favicons/apple-icon-60x60.png]
[www.google.com/chrome/static/images/favicons/apple-icon-72x72.png]
[www.google.com/chrome/static/images/favicons/apple-icon-76x76.png]
[www.google.com/chrome/static/images/favicons/apple-icon-114x114.png]
[www.google.com/chrome/static/images/favicons/apple-icon-120x120.png]
[www.google.com/chrome/static/images/favicons/apple-icon-144x144.png]
[www.google.com/chrome/static/images/favicons/apple-icon-152x152.png]
[www.google.com/chrome/static/images/favicons/apple-icon-180x180.png]
[www.google.com/chrome/static/images/favicons/manifest.json]
[www.google.com/chrome/static/images/dev-components/home-poster-2x.webp]
[www.google.com/chrome/static/installer/js/main.min.js]
[www.gstatic.com/glue/cookienotificationbar/cookienotificationbar.min.js]
[www.google.com/chrome/static/images/fallback/chrome-logo-2023.png]
[www.google.com/chrome/Edg/index.html]
[www.google.com/chrome/static/images/gen-ai/ai-bk-googlelens.webp]
[www.google.com/chrome/static/images/v2/gallery/passwords-fill-1.webp]
[www.google.com/chrome/static/images/v2/gallery/passwords-fill-2.webp]
[www.google.com/chrome/static/images/v2/gallery/passwords-fill.webp]
[www.google.com/chrome/static/images/v2/yours-take-over/theme-arches.webp]
[www.google.com/chrome/static/images/v2/yours-take-over/theme-ui-1.webp]
[www.google.com/chrome/static/images/v2/yours-take-over/theme-ui-2.webp]
[www.google.com/chrome/static/images/v2/accordion-timed/themes-poster.webp]
[www.google.com/chrome/static/images/v2/accordion-timed/tab-sync.webp]
[www.google.com/chrome/static/images/v2/yours/autofill-poster.png]
[www.google.com/chrome/static/images/v2/accordion-timed/themes-mobile.webp]
[www.google.com/chrome/static/images/v2/accordion-timed/tab-sync-mobile.webp]
[www.google.com/chrome/static/images/v2/accordion-timed/autofill-mobile.webp]
[www.google.com/chrome/static/images/dev-components/extensions-shop.png]
[www.google.com/chrome/static/images/dev-components/extensions-icon.png]
[www.google.com/chrome/static/images/dev-components/extensions-video.png]
[www.google.com/chrome/static/images/dev-components/extensions-paint.png]
[www.google.com/chrome/static/images/dev-components/extensions-person.png]
[www.google.com/chrome/static/images/v2/gallery/search_desktop-2x.webp]
[www.google.com/chrome/static/images/v2/gallery/gpay-1.webp]
[www.google.com/chrome/static/images/v2/gallery/gpay-2.webp]
[www.google.com/chrome/static/images/v2/gallery/gpay.webp]
[www.google.com/chrome/static/images/v2/gallery/workspace-1.webp]
[www.google.com/chrome/static/images/v2/gallery/workspace-2.webp]
[www.google.com/chrome/static/images/v2/gallery/workspace.webp]
[www.google.com/chrome/static/images/fallback/icon-youtube.jpg]
[www.google.com/chrome/static/images/fallback/icon-twitter.jpg]
[www.google.com/chrome/static/images/fallback/icon-fb.jpg]
[www.google.com/chrome/static/images/fallback/icon-linkedin.jpg]
[www.google.com/chrome/static/images/fallback/icon-tiktok.jpg]
[www.google.com/chrome/static/images/fallback/google-footer-logo.jpg]
[www.google.com/chrome/static/images/fallback/icon-help.jpg]
[www.gstatic.com/external_hosted/greensock3/dist/gsap.min.js]
[www.google.com/chrome/static/images/fallback/chrome-logo-new.jpg]
[www.gstatic.com/external_hosted/intersectionobserver_polyfill/intersection-observer.min.js]
[www.gstatic.com/external_hosted/lottie/lottie_light.js]
[www.gstatic.com/external_hosted/greensock3/dist/ScrollTrigger.min.js]
[www.google.com/chrome/static/js/pages/home/main.min.js]
[www.google.com/chrome/index.html]
[www.google.com/chrome/static/images/safety/hero/shop.webp]
[www.google.com/chrome/static/images/safety/background-secure/proactive-2x.webp]
[www.google.com/chrome/static/images/safety/standard/safe-browsing-standard_desktop.png]
[www.google.com/chrome/static/images/safety/enhanced/safe-browsing-enhanced_desktop.png]
[www.google.com/chrome/static/images/safety/secure-browsing/password-manager-full.webp]
[www.google.com/chrome/static/images/safety/secure-browsing/password-manager-2x.webp]
[www.google.com/chrome/static/images/safety/secure-browsing/virtual-cards-2x.webp]
[www.google.com/chrome/static/images/safety/privacy-settings/private-2x.webp]
[www.google.com/chrome/static/images/safety/privacy-settings/quick-delete-mobile.webp]
[www.google.com/chrome/static/images/safety/privacy-settings/quick-delete-2x.webp]
[www.google.com/chrome/static/images/safety/personal/profiles-personal_desktop.png]
[www.google.com/chrome/static/images/safety/work/profiles-work_desktop.png]
[www.google.com/chrome/static/images/safety/privacy-settings/incognito-mode-mobile.webp]
[www.google.com/chrome/static/images/safety/privacy-settings/incognito-mode-2x.webp]
[www.google.com/chrome/static/images/safety/three-up/safety_center.webp]
[www.google.com/chrome/static/images/safety/three-up/ai_practices.webp]
[www.google.com/chrome/safety/index.html]
[www.google.com/chrome/static/js/pages/safety/main.min.js]
[www.google.com/chrome/static/images/v2/by-google/hero/feature-04-posterframe-en-us.webp]
[www.google.com/chrome/static/images/v2/by-google/hero/google-lens-posterframe.webp]
[www.google.com/chrome/static/images/v2/by-google/search/search-front-01.webp]
[www.google.com/chrome/static/images/v2/by-google/search/search-back-01.webp]
[www.google.com/chrome/static/images/v2/by-google/search/search-front-02.webp]
[www.google.com/chrome/static/images/v2/by-google/search/search-back-02.webp]
[www.google.com/chrome/static/images/v2/by-google/search/search-front-03_desktop.png]
[www.google.com/chrome/static/images/v2/by-google/search/search-back-03.webp]
[www.google.com/chrome/static/images/v2/by-google/search/search-front-04.webp]
[www.google.com/chrome/static/images/v2/by-google/search/search-back-04.webp]
[www.google.com/chrome/static/images/v2/by-google/productivity/workspace-posterframe.webp]
[www.google.com/chrome/static/images/v2/by-google/productivity/translate-01-posterframe.webp]
[www.google.com/chrome/static/images/v2/by-google/productivity/translate-02_desktop.webp]
[www.google.com/chrome/static/images/v2/by-google/productivity/translate-03_desktop.webp]
[www.google.com/chrome/static/images/v2/by-google/productivity/translate-04_desktop.webp]
[www.google.com/chrome/static/images/v2/by-google/productivity/translate-01_mobile.webp]
[www.google.com/chrome/static/images/v2/by-google/productivity/translate-02_mobile.webp]
[www.google.com/chrome/static/images/v2/by-google/productivity/translate-03_mobile.webp]
[www.google.com/chrome/static/images/v2/by-google/productivity/translate-04_mobile.webp]
[www.google.com/chrome/static/images/v2/by-google/media/chromecast_mobile.webp]
[www.google.com/chrome/static/images/v2/by-google/resources/resources-01-en-us.webp]
[www.google.com/chrome/static/images/v2/by-google/resources/resources-02.webp]
[www.google.com/chrome/static/images/v2/by-google/resources/resources-03.webp]
[www.google.com/chrome/static/images/v2/go-mobile-qrs/by-google-pop-up.webp]
[www.google.com/chrome/static/images/v2/go-mobile-qrs/by-google-pop-up.png]
[www.google.com/chrome/browser-tools/index.html]
[www.google.com/chrome/static/js/pages/by-google/main.min.js]
[www.google.com/chrome/static/images/favicons/browserconfig.xml]
[www.google.com/chrome/static/images/chrome-logo-new.png]
[www.google.com/chrome/fallback/index.html]
[www.google.com/chrome/static/images/chrome_throbber_fast.gif]
[www.google.com/chrome/static/js/pages/fallback/fallback-home/main.min.js]
[www.google.com/chrome/static/js/installer-fallback.min.js]
[www.google.com/chrome/string, document.html]
[www.google.com/chrome/Edg/index.html]
[www.googletagmanager.com/gtm5445.html]
[www.google.com/chrome/static/css/pages/home/main.min.css]
[www.google.com/chrome/static/images/canary/devices.png]
[www.google.com/chrome/static/images/canary/devices-2x.png]
[www.google.com/chrome/static/images/dev/devices.png]
[www.google.com/chrome/static/images/dev/devices-2x.png]
[www.google.com/chrome/static/images/beta/devices.png]
[www.google.com/chrome/static/images/beta/devices-2x.png]
[www.google.com/chrome/static/images/fallback/cards/icon-star.jpg]
[www.google.com/chrome/static/images/fallback/cards/icon-star-full.jpg]
[www.google.com/chrome/static/images/fallback/benefits/benefits-icon-fast.jpg]
[www.google.com/chrome/static/images/fallback/benefits/benefits-icon-search.jpg]
[www.google.com/chrome/static/images/fallback/benefits/benefits-icon-shield.jpg]
[www.google.com/chrome/static/css/fallback.min.css]
[www.google.com/chrome/static/images/fallback/benefits/benefits-icon-world.jpg]
[www.gstatic.com/glue/cookienotificationbar/cookienotificationbar.min.css]
[www.google.com/chrome/static/images/site-icons.svg]
[www.google.com/chrome/static/images/gen-ai/ai-innovation/hero/video/ai-hero-poster.webp]
[www.google.com/chrome/static/images/v2/io/hero/browser-answer.webp]
[www.google.com/chrome/static/lottie-animations/io/handshake.json]
[www.google.com/chrome/static/videos/v2/io/browser-answer.webm]
[www.google.com/chrome/static/images/v2/io/hero/browser-answer-end.webp]
[www.google.com/chrome/static/images/v2/io/hero/gemini-answer.webp]
[www.google.com/chrome/static/videos/v2/io/gemini-answer.qt]
[www.google.com/chrome/static/videos/v2/io/gemini-answer.webm]
[www.google.com/chrome/static/images/v2/io/hero/gemini-answer-end.webp]
[www.google.com/chrome/static/images/v2/behind-the-browser/gemini-in-chrome.webp]
[www.google.com/chrome/static/images/v2/behind-the-browser/retina-hover.webp]
[www.google.com/chrome/static/images/v2/behind-the-browser/ai-mode.webp]
[www.google.com/chrome/static/images/v2/behind-the-browser/safety.webp]
[www.google.com/chrome/static/images/gen-ai/ai-innovation/demo/book.webp]
[www.google.com/chrome/static/images/gen-ai/ai-innovation/demo/cooking.webp]
[www.google.com/chrome/static/images/gen-ai/ai-innovation/demo/light.webp]
[www.google.com/chrome/static/images/gen-ai/ai-innovation/demo/event-planning.webp]
[www.google.com/chrome/static/images/gen-ai/ai-innovation/demo/home-reno.webp]
[www.google.com/chrome/static/images/gen-ai/ai-innovation/demo/home-plant.webp]
[www.google.com/chrome/static/images/gen-ai/ai-innovation/demo/code.webp]
[www.google.com/chrome/static/images/gen-ai/ai-innovation/demo/ball.webp]
[www.google.com/chrome/ai-innovations/index.html]
[www.google.com/chrome/static/images/gen-ai/ai-innovation/demo/goal.webp]
[www.google.com/chrome/static/images/gen-ai/ai-innovation/demo/purchasing.webp]
[www.google.com/chrome/static/images/gen-ai/ai-innovation/demo/glitter/new-pet.webp]
[www.google.com/chrome/static/images/chrome-logo-m100.svg]
[www.google.com/chrome/static/images/gen-ai/ai-innovation/demo/glitter/studying.webp]
[www.google.com/chrome/static/images/gen-ai/ai-innovation/demo/scheduled.webp]
[www.google.com/chrome/static/images/gen-ai/ai-innovation/demo/posters/demovideo-posterframe-general_desktop.png]
[www.google.com/chrome/static/images/v2/accordion-timed/io/accordion-01_desktop.webp]
[www.google.com/chrome/static/images/v2/accordion-timed/io/accordion-02_desktop.webp]
[www.google.com/chrome/static/images/v2/accordion-timed/io/glitter/accordion-03_desktop.webp]
[www.google.com/chrome/static/images/v2/accordion-timed/io/glitter/accordion-04_desktop.webp]
[www.google.com/chrome/static/images/v2/accordion-timed/io/accordion-01_mobile.webp]
[www.google.com/chrome/static/images/v2/accordion-timed/io/accordion-02_mobile.webp]
[www.google.com/chrome/static/images/v2/accordion-timed/io/glitter/accordion-03_mobile.webp]
[www.google.com/chrome/static/images/v2/accordion-timed/io/glitter/accordion-04_mobile.webp]
[www.google.com/chrome/static/images/v2/gemini-in-chrome/gemini-in-chrome-for-mobile.png]
[www.google.com/chrome/static/images/gen-ai/ai-innovation/cards/google-lens/google-lens-en-us.webp]
[www.google.com/chrome/static/images/v2/ai-mode/ai-mode-poster-frame.webp]
[www.google.com/chrome/static/images/v2/password/automated-password-change-poster-frame.webp]
[www.google.com/chrome/other-platforms/index.html]
[www.google.com/chrome/static/js/pages/ai-innovations/main.min.js]
[www.google.com/chrome/static/images/shapes-light.png]
[www.google.com/chrome/static/images/shapes-dark.png]
[www.google.com/chrome/static/js/main.min.js]
[www.google.com/chromebook/static/favicon.ico]
[www.google.com/intl/en_US/chromebook/index.html]
[www.google.com/chromecast/index.html]
[www.google.com/chromebook/static/js/cookie-notification.min4d73.js]
[www.google.com/chromebook/static/js/index.min5b04.js]
[www.google.com/chrome/static/images/fallback/beta/chrome-beta-logo.jpg]
[www.google.com/chrome/beta/index.html]
[www.google.com/chrome/static/js/pages/channels/beta/beta/main.min.js]
[www.google.com/chrome/static/js/installer-beta.min.js]
[www.google.com/chrome/static/images/fallback/dev/chrome-dev-logo.jpg]
[www.google.com/chrome/dev/index.html]
[www.google.com/chrome/static/js/pages/channels/dev/dev/main.min.js]
[www.google.com/chrome/static/js/installer-dev.min.js]
[www.google.com/chrome/static/images/fallback/canary/chrome-canary-logo.jpg]
[www.google.com/chrome/static/js/pages/channels/canary/canary/main.min.js]
[www.google.com/chrome/static/js/installer-canary.min.js]
[www.google.com/chrome/canary/index.html]
[www.google.com/chrome/update/index.html]
[www.gstatic.com/external_hosted/lottie/lottie.js]
[www.google.com/chrome/static/js/pages/update/main.min.js]
[www.google.com/chrome/static/images/fallback/tips/color-groups.png]
[www.google.com/chrome/static/images/fallback/tips/collapse-groups.png]
[www.google.com/chrome/static/images/tips/reorder-groups.webp]
[www.google.com/chrome/static/images/fallback/tips/shortcut-sites.png]
[www.google.com/chrome/static/images/fallback/tips/customize-colors.png]
[www.google.com/chrome/static/images/fallback/tips/add-profile.png]
[www.google.com/chrome/static/images/fallback/tips/sync-account.png]
[www.google.com/chrome/static/images/fallback/tips/pdf.png]
[www.google.com/chrome/static/images/fallback/tips/bookmark-all.png]
[www.google.com/chrome/static/images/fallback/tips/specific-page.png]
[www.google.com/chrome/static/images/fallback/tips/find.png]
[www.google.com/chrome/static/images/tips/reopen-tab.webp]
[www.google.com/chrome/tips/index.html]
[www.google.com/chrome/static/images/fallback/tips/clear.png]
[www.google.com/chrome/static/images/fallback/tips/zoom.png]
[www.google.com/chrome/static/images/fallback/tips/bookmark.png]
[www.google.com/chrome/static/images/icon-translate.webp]
[www.google.com/chrome/static/images/fallback/icon-translate.jpg]
[www.google.com/chrome/static/images/icon-arts-culture.webp]
[www.google.com/index.html]
[www.google.com/chrome/static/images/fallback/icon-arts-culture.jpg]
[www.google.com/chrome/static/images/icon-drive.webp]
[www.google.com/chrome/static/images/fallback/icon-drive.jpg]
[www.google.com/chrome/static/images/chrome-logo-landscape.svg]
[www.google.com/chrome/static/images/icon-keep.webp]
[www.google.com/chrome/static/images/fallback/icon-keep.jpg]
[www.google.com/chrome/static/js/pages/tips/main.min.js]
[www.google.com/chrome/safety/string, document.html]
[ssl.gstatic.com/gb/images/b_8d5afc09.png]
[ssl.gstatic.com/s2/oz/images/stars/x.png]
[www.google.com/chrome/static/css/pages/safety/main.min.css]
[www.google.com/chrome/static/images/safety/hero/safety_manifesto_defense_grey.svg]
[www.google.com/chrome/static/images/safety/hero/safety_manifesto_defense.svg]
[www.google.com/chrome/static/images/safety/hero/safety_manifesto_danger_grey.svg]
[www.google.com/chrome/static/images/safety/hero/safety_manifesto_danger.svg]
[www.google.com/chrome/static/images/safety/hero/safety_manifesto_password_grey.svg]
[www.google.com/chrome/static/images/safety/hero/safety_manifesto_password.svg]
[www.google.com/chrome/static/images/safety/hero/safety_manifesto_delete_grey.svg]
[www.google.com/chrome/static/images/safety/hero/safety_manifesto_delete.svg]
[www.google.com/chrome/browser-tools/string, document.html]
[www.google.com/chrome/static/css/pages/by-google/main.min.css]
[www.google.com/chrome/static/images/fallback/chrome-logo.png]
[www.google.com/chrome/static/images/whats-new/137/mac/tabgroups.webp]
[www.google.com/chrome/static/images/whats-new/137/win/tabgroups.webp]
[www.google.com/chrome/static/images/whats-new/137/linux/tabgroups.webp]
[www.google.com/chrome/static/images/whats-new/133/mac/pdf-searchify.webp]
[www.google.com/chrome/static/images/whats-new/133/win/pdf-searchify.webp]
[www.google.com/chrome/static/images/whats-new/133/linux/pdf-searchify.webp]
[www.google.com/chrome/static/images/whats-new/136/lenschrome.webp]
[www.google.com/chrome/static/images/whats-new/132/share-passwords.webp]
[www.google.com/chrome/static/images/whats-new/132/mac/customize-toolbar.webp]
[www.google.com/chrome/static/images/whats-new/132/win/customize-toolbar.webp]
[www.google.com/chrome/static/images/whats-new/132/linux/customize-toolbar.webp]
[www.google.com/chrome/static/images/whats-new/134/mac/intervention.webp]
[www.google.com/chrome/static/images/whats-new/134/win/intervention.webp]
[www.google.com/chrome/static/images/whats-new/134/linux/intervention.webp]
[www.google.com/chrome/static/images/whats-new/129/mac/pay.webp]
[www.google.com/chrome/static/images/whats-new/129/win/pay.webp]
[www.google.com/chrome/static/images/whats-new/129/linux/pay.webp]
[www.google.com/chrome/static/images/whats-new/128/v1/mac/lens.webp]
[www.google.com/chrome/static/images/whats-new/128/v1/win/lens.webp]
[www.google.com/chrome/static/images/whats-new/128/v1/linux/lens.webp]
[www.google.com/chrome/static/images/whats-new/128/v1/mac/gemini.webp]
[www.google.com/chrome/static/images/whats-new/128/v1/win/gemini.webp]
[www.google.com/chrome/static/images/whats-new/128/v1/linux/gemini.webp]
[www.google.com/chrome/static/images/whats-new/127-side-panel-pinning/mac/pin.webp]
[www.google.com/chrome/static/images/whats-new/127-side-panel-pinning/win/pin.webp]
[www.google.com/chrome/static/images/whats-new/127-side-panel-pinning/linux/pin.webp]
[www.google.com/chrome/static/images/whats-new/125/mac/search-suggestions.webp]
[www.google.com/chrome/static/images/whats-new/125/win/search-suggestions.webp]
[www.google.com/chrome/static/images/whats-new/125/linux/search-suggestions.webp]
[www.google.com/chrome/static/images/whats-new/125/mac/review-privacy.webp]
[www.google.com/chrome/static/images/whats-new/125/win/review-privacy.webp]
[www.google.com/chrome/static/images/whats-new/125/linux/review-privacy.webp]
[www.google.com/chrome/static/images/whats-new/123/mac/helpmewrite.webp]
[www.google.com/chrome/static/images/whats-new/123/win/helpmewrite.webp]
[www.google.com/chrome/static/images/whats-new/123/linux/helpmewrite.webp]
[www.google.com/chrome/static/images/whats-new/123/mac/gen-ai-theming.webp]
[www.google.com/chrome/static/images/whats-new/123/win/gen-ai-theming.webp]
[www.google.com/chrome/static/images/whats-new/123/linux/gen-ai-theming.webp]
[www.google.com/chrome/whats-new/archive/index.html]
[www.google.com/chrome/static/images/whats-new/123/mac/ai-tabs.webp]
[www.google.com/chrome/static/images/whats-new/123/win/ai-tabs.webp]
[www.google.com/chrome/static/images/whats-new/123/linux/ai-tabs.webp]
[www.google.com/chrome/static/images/chrome-logo.svg]
[www.google.com/chrome/static/images/whats-new/122/mac/tab-groups.webp]
[www.google.com/chrome/static/images/whats-new/122/win/tab-groups.webp]
[www.google.com/chrome/static/images/whats-new/122/linux/tab-groups.webp]
[www.google.com/chrome/static/images/whats-new/122/mac/translations.webp]
[www.google.com/chrome/static/images/whats-new/122/win/translations.webp]
[www.google.com/chrome/static/images/whats-new/122/linux/translations.webp]
[www.google.com/chrome/static/css/pages/fallback/fallback-home/main.min.css]
[www.google.com/chrome/static/images/whats-new/122/mac/safer-browsing-kids.webp]
[www.google.com/chrome/static/images/whats-new/122/win/safer-browsing-kids.webp]
[www.google.com/chrome/static/images/whats-new/122/linux/safer-browsing-kids.webp]
[www.google.com/chrome/static/images/icon-warning.svg]
[www.google.com/chrome/static/images/fallback/frozen_deprecation_icon.png]
[www.google.com/chrome/static/js/pages/whats-new/v2/archive/main.min.js]
[www.google.com/chrome/static/js/installer.min.js]
[www.google.com/images/icons/product/chrome-32.png]
[www.google.com/chrome/terms/index.html]
[www.google.com/chrome/static/images/fallback/canary/devices.html]
[www.google.com/chrome/static/images/fallback/dev/devices.html]
[www.google.com/chrome/static/images/fallback/beta/devices.html]
[www.google.com/chrome/static/images/fallback/thank-you-animation.html]
[www.google.com/chrome/ai-innovations/string, document.html]
[www.google.com/chrome/static/css/pages/ai-innovations/main.min.css]
[www.google.com/chrome/other-platforms/string, document.html]
[www.google.com/chrome/static/css/v2/main.min.css]
[www.google.com/chrome/static/images/close-icon.png]
[www.google.com/chrome/static/images/close-icon-2x.png]
[www.google.com/chrome/static/css/main.min.css]
[www.google.com/chromebook/index.html]
[www.google.com/chromebook/static/js/lazy.minb522.css]
[www.google.com/chromebook/static/cb-iconsc88f.svg]
[www.google.com/intl/en_US/chromebook/shop-chromebooks/index.html]
[www.google.com/intl/en_US/chromebook/discover-chromebook/index.html]
[www.google.com/intl/en_US/chromebook/chromebookplus/index.html]
[www.google.com/chromebook/static/glue-icons608c.svg]
[www.google.com/intl/en_US/chromebook/switch-to-chromebook/index.html]
[www.google.com/intl/en_US/chromebook/whatsnew/index.html]
[www.google.com/intl/en_US/chromebook/discover-chromebook/index0570.html]
[www.google.com/intl/en_US/chromebook/discover-chromebook/index370d.html]
[www.google.com/intl/en_US/chromebook/accessibility/index.html]
[www.google.com/intl/en_US/chromebook/perks/index.html]
[www.gstatic.com/chromeos/offers/js/echo_provider_api.js]
[www.google.com/chromebook/static/js/perks-app.minf547.js]
[www.google.com/intl/en_US/chromebook/frequently-asked-questions/index.html]
[www.google.com/chrome/beta/string, document.html]
[www.google.com/chrome/static/css/pages/channels/beta/beta/main.min.css]
[www.google.com/chrome/static/images/beta/chrome-beta-logo.svg]
[www.google.com/chrome/beta/indexfb7b.html]
[www.google.com/chrome/beta/index6457.html]
[www.google.com/chrome/beta/indexa449.html]
[www.google.com/chrome/beta/index57f1.html]
[www.google.com/chrome/beta/index994f.html]
[www.google.com/chrome/dev/string, document.html]
[www.google.com/chrome/static/css/pages/channels/dev/dev/main.min.css]
[www.google.com/chrome/static/images/dev/chrome-dev-logo.svg]
[www.google.com/chrome/dev/indexfb7b.html]
[www.google.com/chrome/dev/index6457.html]
[www.google.com/chrome/dev/indexa449.html]
[www.google.com/chrome/dev/index57f1.html]
[www.google.com/chrome/dev/index994f.html]
[www.google.com/chrome/canary/string, document.html]
[www.google.com/chrome/static/css/pages/channels/canary/canary/main.min.css]
[www.google.com/chrome/static/images/canary/chrome-canary-logo.svg]
[www.google.com/chrome/canary/indexfb7b.html]
[www.google.com/chrome/canary/index6457.html]
[www.google.com/chrome/canary/index57f1.html]
[www.google.com/chrome/canary/indexa449.html]
[www.google.com/chrome/canary/index994f.html]
[www.google.com/chrome/update/string, document.html]
[www.google.com/chrome/static/css/pages/update/main.min.css]
[www.google.com/chrome/tips/string, document.html]
[www.google.com/chrome/static/css/pages/tips/main.min.css]
[www.google.com/source/captions/tips/reorder-groups_en.html]
[www.google.com/source/captions/tips/reopen-tab_en.html]
[www.google.com/chrome/whats-new/archive/string, document.html]
[www.google.com/chrome/static/css/pages/whats-new/v2/archive/main.min.css]
[www.google.com/chrome/static/images/icons/frozen_deprecation_icon.svg]
[www.google.com/chrome/static/images/icons/chevron-down.svg]
[www.google.com/chrome/static/images/survey-close-icon.html]
[www.google.com/chrome/static/images/survey-close-icon-2x.html]
[www.google.com/chrome/static/images/fallback/cards/icon-star.svg]
[www.google.com/chrome/static/images/fallback/cards/icon-star-full.svg]
[www.google.com/chrome/static/images/switcher-light.html]
[www.google.com/chrome/static/images/switcher-dark.html]
[www.google.com/chromebook/shop-chromebooks/index.html]
[www.google.com/chromebook/discover-chromebook/index.html]
[www.google.com/chromebook/chromebookplus/index.html]
[www.google.com/chromebook/switch-to-chromebook/index.html]
[www.google.com/chromebook/whatsnew/index.html]
[www.google.com/chromebook/discover-chromebook/index0570.html]
[www.google.com/chromebook/discover-chromebook/index370d.html]
[www.google.com/chromebook/accessibility/index.html]
[www.google.com/chromebook/perks/index.html]
[www.google.com/chromebook/frequently-asked-questions/index.html]
[www.google.com/chromebook/windows-user/discover-chromebook/index.html]
[www.google.com/intl/en_US/chromebook/shop-chromebooks/indexc1fb.html]
[www.google.com/intl/en_US/chromebook/battery-claim/index.html]
[www.google.com/intl/en/chrome/assets/common/images/chrome_logo_2x.png]
[www.google.com/intl/en/chrome/devices/goodies/not-eligible.html]
[www.google.com/chromebook/static/js/perks-app.min5b86.css]
[www.google.com/intl/en_US/chromebook/frequently-asked-questions/what-a-chromebook-can-do/index.html]
[www.google.com/intl/en_US/chromebook/frequently-asked-questions/are-chromebooks-good-for-gaming/index.html]
[www.google.com/chromebook/shop-chromebooks/indexc1fb.html]
[www.google.com/chromebook/battery-claim/index.html]
[www.google.com/chromebook/discover/index.html]
[www.google.com/chromebook/frequently-asked-questions/what-a-chromebook-can-do/index.html]
[www.google.com/chromebook/frequently-asked-questions/are-chromebooks-good-for-gaming/index.html]
[www.google.com/intl/en/chrome/assets/common/css/goodies.min.css]
[www.google.com/intl/en/chrome/index.html]
[www.google.com/intl/en/chromebook/index.html]
