[backblue.gif]
[fade.gif]
[index.html]
[www.google.com/chrome/static/images/favicons/favicon-96x96.png]
[www.google.com/chrome/static/images/favicons/favicon-32x32.png]
[www.google.com/chrome/static/images/favicons/favicon-16x16.png]
[www.google.com/chrome/string, document.12.delayed]
[www.google.com/chrome/static/images/favicons/android-icon-192x192.png]
[www.google.com/chrome/index.html]
[www.google.com/chrome/fallback/index.html]
[www.google.com/chrome/static/images/favicons/apple-icon-57x57.png]
[www.google.com/chrome/static/images/favicons/apple-icon-60x60.png]
[www.google.com/chrome/static/images/favicons/apple-icon-72x72.png]
[www.google.com/chrome/static/images/favicons/apple-icon-76x76.png]
[www.google.com/chrome/static/images/favicons/apple-icon-114x114.png]
[www.google.com/chrome/static/images/favicons/apple-icon-120x120.png]
[www.google.com/chrome/static/images/favicons/apple-icon-144x144.png]
[www.google.com/chrome/static/images/favicons/apple-icon-152x152.png]
[www.google.com/chrome/static/images/favicons/apple-icon-180x180.png]
[www.google.com/chrome/static/images/favicons/manifest.json]
[www.google.com/chrome/static/images/dev-components/home-poster-2x.webp]
[www.google.com/chrome/static/installer/js/main.min.js]
[www.google.com/chrome/string, document.html]
[www.google.com/chrome/static/images/favicons/browserconfig.html]
[www.google.com/chrome/static/images/chrome-logo.html]
[www.googletagmanager.com/gtm5445.html]
[www.google.com/chrome/static/css/pages/fallback/fallback-home/main.min.html]
[www.google.com/chrome/static/css/fallback.min.html]
[www.google.com/chrome/static/images/site-icons.html]
[www.google.com/chrome/static/images/fallback/chrome-logo-2023.html]
[www.google.com/chrome/ai-innovations/index.html]
[www.google.com/chrome/safety/index.html]
[www.google.com/chrome/browser-tools/index.html]
[www.google.com/chrome/static/images/chrome-logo-m100.html]
[www.google.com/chrome/static/images/icon-warning.html]
[www.google.com/support/chrome/bin/answere206.html]
[www.google.com/chrome/terms/index.html]
[www.google.com/index.html]
[www.google.com/chrome/static/images/fallback/google-footer-logo.html]
[www.google.com/chrome/static/images/fallback/icon-help.html]
[www.google.com/chrome/static/images/chrome-logo-new.html]
[www.google.com/chrome/static/images/chrome_throbber_fast.html]
[www.gstatic.com/external_hosted/intersectionobserver_polyfill/intersection-observer.min.js]
[www.google.com/chrome/static/js/pages/fallback/fallback-home/main.min.html]
[www.google.com/chrome/static/js/installer-fallback.min.html]
[www.google.com/chrome/static/images/canary/devices.html]
[www.google.com/chrome/static/images/canary/devices-2x.html]
[www.google.com/chrome/static/images/dev/devices.html]
[www.google.com/chrome/static/images/dev/devices-2x.html]
[www.google.com/chrome/static/images/beta/devices.html]
[www.google.com/chrome/static/images/beta/devices-2x.html]
[www.google.com/chrome/static/images/fallback/canary/devices.html]
[www.google.com/chrome/static/images/fallback/dev/devices.html]
[www.google.com/chrome/static/images/fallback/beta/devices.html]
[www.google.com/chrome/static/images/fallback/cards/icon-star.html]
[www.google.com/chrome/static/images/fallback/cards/icon-star-full.html]
[www.google.com/chrome/static/images/fallback/thank-you-animation.html]
[www.google.com/chrome/static/images/fallback/benefits/benefits-icon-fast.html]
[www.google.com/chrome/static/images/fallback/benefits/benefits-icon-search.html]
[www.google.com/chrome/static/images/fallback/benefits/benefits-icon-shield.html]
[www.google.com/chrome/static/images/fallback/benefits/benefits-icon-world.html]
[www.google.com/chrome/static/images/gen-ai/ai-innovation/hero/video/ai-hero-poster.html]
[www.google.com/chrome/static/images/v2/io/hero/browser-answer.html]
[www.google.com/chrome/static/lottie-animations/io/handshake.html]
[www.google.com/chrome/ai-innovations/string, document.html]
[www.google.com/chrome/static/css/pages/ai-innovations/main.min.html]
[www.gstatic.com/glue/cookienotificationbar/cookienotificationbar.min.html]
[www.gstatic.com/glue/cookienotificationbar/cookienotificationbar.min-2.html]
[www.google.com/chrome/static/videos/v2/io/browser-answer.html]
[www.google.com/chrome/static/images/v2/io/hero/browser-answer-end.html]
[www.google.com/chrome/static/images/v2/io/hero/gemini-answer.html]
[www.google.com/chrome/static/videos/v2/io/gemini-answer.html]
[www.google.com/chrome/static/videos/v2/io/gemini-answer-2.html]
[www.google.com/chrome/static/images/v2/io/hero/gemini-answer-end.html]
[www.google.com/chrome/static/images/v2/behind-the-browser/gemini-in-chrome.html]
[www.google.com/chrome/static/images/v2/behind-the-browser/retina-hover.html]
[www.google.com/chrome/static/images/v2/behind-the-browser/ai-mode.html]
[www.google.com/chrome/static/images/v2/behind-the-browser/safety.html]
[www.google.com/chrome/static/images/gen-ai/ai-innovation/demo/book.html]
[www.google.com/chrome/static/images/gen-ai/ai-innovation/demo/cooking.html]
[www.google.com/chrome/static/images/gen-ai/ai-innovation/demo/light.html]
[www.google.com/chrome/static/images/gen-ai/ai-innovation/demo/event-planning.html]
[www.google.com/chrome/static/images/gen-ai/ai-innovation/demo/home-reno.html]
[www.google.com/chrome/static/images/gen-ai/ai-innovation/demo/home-plant.html]
[www.google.com/chrome/static/images/gen-ai/ai-innovation/demo/code.html]
[www.google.com/chrome/static/images/gen-ai/ai-innovation/demo/ball.html]
[www.google.com/chrome/static/images/gen-ai/ai-innovation/demo/goal.html]
[www.google.com/chrome/static/images/gen-ai/ai-innovation/demo/purchasing.html]
[www.google.com/chrome/static/images/gen-ai/ai-innovation/demo/glitter/new-pet.html]
[www.google.com/chrome/static/images/gen-ai/ai-innovation/demo/glitter/studying.html]
[www.google.com/chrome/static/images/gen-ai/ai-innovation/demo/scheduled.html]
[www.google.com/chrome/static/images/gen-ai/ai-innovation/demo/posters/demovideo-posterframe-general_desktop.html]
[www.google.com/chrome/static/images/v2/accordion-timed/io/accordion-01_desktop.html]
[www.google.com/chrome/static/images/v2/accordion-timed/io/accordion-02_desktop.html]
[www.google.com/chrome/static/images/v2/accordion-timed/io/glitter/accordion-03_desktop.html]
[www.google.com/chrome/static/images/v2/accordion-timed/io/glitter/accordion-04_desktop.html]
[www.google.com/chrome/static/images/v2/accordion-timed/io/accordion-01_mobile.html]
[www.google.com/chrome/static/images/v2/accordion-timed/io/accordion-02_mobile.html]
[www.google.com/chrome/static/images/v2/accordion-timed/io/glitter/accordion-03_mobile.html]
[www.google.com/chrome/static/images/v2/accordion-timed/io/glitter/accordion-04_mobile.html]
[www.google.com/chrome/static/images/v2/gemini-in-chrome/gemini-in-chrome-for-mobile.html]
[www.google.com/chrome/static/images/gen-ai/ai-innovation/cards/google-lens/google-lens-en-us.html]
[www.google.com/chrome/static/images/v2/ai-mode/ai-mode-poster-frame.html]
[www.google.com/chrome/static/images/v2/password/automated-password-change-poster-frame.html]
[www.google.com/chrome/static/images/fallback/icon-youtube.html]
[www.google.com/chrome/static/images/fallback/icon-twitter.html]
[www.google.com/chrome/static/images/fallback/icon-fb.html]
[www.google.com/chrome/static/images/fallback/icon-linkedin.html]
[www.google.com/chrome/static/images/fallback/icon-tiktok.html]
[www.google.com/chrome/other-platforms/index.html]
[www.google.com/intl/en_US/chromebook/index.html]
[www.google.com/chromecast/index.html]
[www.google.com/chrome/beta/index.html]
[www.google.com/chrome/dev/index.html]
[www.google.com/chrome/canary/index.html]
[www.google.com/chrome/update/index.html]
[www.google.com/chrome/tips/index.html]
[www.google.com/chrome/static/images/chrome-logo-landscape.html]
[www.google.com/chrome/static/images/fallback/chrome-logo-new.html]
[www.gstatic.com/external_hosted/lottie/lottie_light.js]
[www.google.com/chrome/static/js/pages/ai-innovations/main.min.html]
[www.google.com/chrome/safety/string, document.html]
[www.google.com/chrome/static/css/pages/safety/main.min.html]
[www.google.com/chrome/static/images/safety/hero/shop.html]
[www.google.com/chrome/static/images/safety/hero/safety_manifesto_defense_grey.html]
[www.google.com/chrome/static/images/safety/hero/safety_manifesto_defense.html]
[www.google.com/chrome/static/images/safety/hero/safety_manifesto_danger_grey.html]
[www.google.com/chrome/static/images/safety/hero/safety_manifesto_danger.html]
[www.google.com/chrome/static/images/safety/hero/safety_manifesto_password_grey.html]
[www.google.com/chrome/static/images/safety/hero/safety_manifesto_password.html]
[www.google.com/chrome/static/images/safety/hero/safety_manifesto_delete_grey.html]
[www.google.com/chrome/static/images/safety/hero/safety_manifesto_delete.html]
[www.google.com/chrome/static/images/safety/background-secure/proactive-2x.html]
[www.google.com/chrome/static/images/safety/standard/safe-browsing-standard_desktop.html]
[www.google.com/chrome/static/images/safety/enhanced/safe-browsing-enhanced_desktop.html]
[www.google.com/chrome/static/images/safety/secure-browsing/password-manager-full.html]
[www.google.com/chrome/static/images/safety/secure-browsing/password-manager-2x.html]
[www.google.com/chrome/static/images/safety/secure-browsing/virtual-cards-2x.html]
[www.google.com/chrome/static/images/safety/privacy-settings/private-2x.html]
[www.google.com/chrome/static/images/safety/privacy-settings/quick-delete-mobile.html]
[www.google.com/chrome/static/images/safety/privacy-settings/quick-delete-2x.html]
[www.google.com/chrome/static/images/safety/personal/profiles-personal_desktop.html]
[www.google.com/chrome/static/images/safety/work/profiles-work_desktop.html]
[www.google.com/chrome/static/images/safety/privacy-settings/incognito-mode-mobile.html]
[www.google.com/chrome/static/images/safety/privacy-settings/incognito-mode-2x.html]
[www.google.com/chrome/static/images/safety/three-up/safety_center.html]
[www.google.com/chrome/static/images/safety/three-up/ai_practices.html]
[www.google.com/chrome/static/js/pages/safety/main.min.html]
[www.google.com/chrome/browser-tools/string, document.html]
[www.google.com/chrome/static/css/pages/by-google/main.min.html]
[www.google.com/chrome/static/images/v2/by-google/hero/feature-04-posterframe-en-us.html]
[www.google.com/chrome/static/images/v2/by-google/hero/google-lens-posterframe.html]
[www.google.com/chrome/static/images/v2/by-google/search/search-front-01.html]
[www.google.com/chrome/static/images/v2/by-google/search/search-back-01.html]
[www.google.com/chrome/static/images/v2/by-google/search/search-front-02.html]
[www.google.com/chrome/static/images/v2/by-google/search/search-back-02.html]
[www.google.com/chrome/static/images/v2/by-google/search/search-front-03_desktop.html]
[www.google.com/chrome/static/images/v2/by-google/search/search-back-03.html]
[www.google.com/chrome/static/images/v2/by-google/search/search-front-04.html]
[www.google.com/chrome/static/images/v2/by-google/search/search-back-04.html]
[www.google.com/chrome/static/images/v2/by-google/productivity/workspace-posterframe.html]
[www.google.com/chrome/static/images/v2/by-google/productivity/translate-01-posterframe.html]
[www.google.com/chrome/static/images/v2/by-google/productivity/translate-02_desktop.html]
[www.google.com/chrome/static/images/v2/by-google/productivity/translate-03_desktop.html]
[www.google.com/chrome/static/images/v2/by-google/productivity/translate-04_desktop.html]
[www.google.com/chrome/static/images/v2/by-google/productivity/translate-01_mobile.html]
[www.google.com/chrome/static/images/v2/by-google/productivity/translate-02_mobile.html]
[www.google.com/chrome/static/images/v2/by-google/productivity/translate-03_mobile.html]
[www.google.com/chrome/static/images/v2/by-google/productivity/translate-04_mobile.html]
[www.google.com/chrome/static/images/v2/by-google/media/chromecast_mobile.html]
[www.google.com/chrome/static/images/v2/by-google/resources/resources-01-en-us.html]
[www.google.com/chrome/static/images/v2/by-google/resources/resources-02.html]
[www.google.com/chrome/whats-new/latest.html]
[www.google.com/chrome/static/images/v2/by-google/resources/resources-03.html]
[www.google.com/chrome/static/images/v2/go-mobile-qrs/by-google-pop-up.html]
[www.google.com/chrome/static/images/v2/go-mobile-qrs/by-google-pop-up-2.html]
[www.google.com/chrome/static/js/pages/by-google/main.min.html]
[www.google.com/images/icons/product/chrome-32.html]
[www.google.com/chrome/static/css/main.min.html]
[www.google.com/chrome/static/js/main.min.html]
[ssl.gstatic.com/gb/images/b_8d5afc09.html]
[ssl.gstatic.com/s2/oz/images/stars/x.png]
[www.google.com/chrome/other-platforms/string, document.html]
[www.google.com/chrome/static/images/shapes-light.html]
[www.google.com/chrome/static/images/shapes-dark.html]
[www.google.com/chrome/static/css/v2/main.min.html]
[www.google.com/chromebook/static/favicon.html]
[www.google.com/chromebook/index.html]
[www.google.com/chromebook/static/js/lazy.minb522.html]
[www.google.com/chromebook/static/cb-iconsc88f.html]
[www.google.com/intl/en_US/chromebook/shop-chromebooks/index.html]
[www.google.com/intl/en_US/chromebook/discover-chromebook/index.html]
[www.google.com/intl/en_US/chromebook/chromebookplus/index.html]
[www.google.com/chromebook/static/glue-icons608c.html]
[www.google.com/intl/en_US/chromebook/switch-to-chromebook/index.html]
[www.google.com/intl/en_US/chromebook/whatsnew/index.html]
[www.google.com/intl/en_US/chromebook/discover-chromebook/index0570.html]
[www.google.com/intl/en_US/chromebook/discover-chromebook/index370d.html]
[www.google.com/intl/en_US/chromebook/accessibility/index.html]
[www.google.com/intl/en_US/chromebook/perks/index.html]
[www.google.com/intl/en_US/chromebook/frequently-asked-questions/index.html]
[www.google.com/chromebook/static/js/cookie-notification.min4d73.html]
[www.google.com/chromebook/static/js/index.min5b04.html]
[www.google.com/chrome/beta/string, document.html]
[www.google.com/chrome/static/css/pages/channels/beta/beta/main.min.html]
[www.google.com/chrome/static/images/beta/chrome-beta-logo.html]
[www.google.com/chrome/static/images/fallback/beta/chrome-beta-logo.html]
[www.google.com/chrome/beta/indexfb7b.html]
[www.google.com/chrome/beta/index6457.html]
[www.google.com/chrome/beta/indexa449.html]
[www.google.com/chrome/beta/index57f1.html]
[www.google.com/chrome/beta/index994f.html]
[www.google.com/chrome/static/js/pages/channels/beta/beta/main.min.html]
[www.google.com/chrome/static/js/installer-beta.min.html]
[www.google.com/chrome/dev/string, document.html]
[www.google.com/chrome/static/css/pages/channels/dev/dev/main.min.html]
[www.google.com/chrome/static/images/dev/chrome-dev-logo.html]
[www.google.com/chrome/static/images/fallback/dev/chrome-dev-logo.html]
[www.google.com/chrome/dev/indexfb7b.html]
[www.google.com/chrome/dev/index6457.html]
[www.google.com/chrome/dev/indexa449.html]
[www.google.com/chrome/dev/index57f1.html]
[www.google.com/chrome/dev/index994f.html]
[www.google.com/chrome/static/js/pages/channels/dev/dev/main.min.html]
[www.google.com/chrome/static/js/installer-dev.min.html]
[www.google.com/chrome/canary/string, document.html]
[www.google.com/chrome/static/css/pages/channels/canary/canary/main.min.html]
[www.google.com/chrome/static/images/canary/chrome-canary-logo.html]
[www.google.com/chrome/static/images/fallback/canary/chrome-canary-logo.html]
[www.google.com/chrome/canary/indexfb7b.html]
[www.google.com/chrome/canary/index6457.html]
[www.google.com/chrome/canary/index57f1.html]
[www.google.com/chrome/canary/indexa449.html]
[www.google.com/chrome/canary/index994f.html]
[www.google.com/chrome/static/js/pages/channels/canary/canary/main.min.html]
[www.google.com/chrome/static/js/installer-canary.min.html]
[www.google.com/chrome/update/string, document.html]
[www.google.com/chrome/static/css/pages/update/main.min.html]
[www.gstatic.com/external_hosted/lottie/lottie.js]
[www.google.com/chrome/static/js/pages/update/main.min.html]
[www.google.com/chrome/tips/string, document.html]
[www.google.com/chrome/static/css/pages/tips/main.min.html]
[www.google.com/chrome/static/images/fallback/tips/color-groups.html]
[www.google.com/chrome/static/images/fallback/tips/collapse-groups.html]
[www.google.com/chrome/static/images/tips/reorder-groups.html]
[www.google.com/source/captions/tips/reorder-groups_en.html]
[www.google.com/chrome/static/images/fallback/tips/shortcut-sites.html]
[www.google.com/chrome/static/images/fallback/tips/customize-colors.html]
[www.google.com/chrome/static/images/fallback/tips/add-profile.html]
[www.google.com/chrome/static/images/fallback/tips/sync-account.html]
[www.google.com/chrome/static/images/fallback/tips/pdf.html]
[www.google.com/chrome/static/images/fallback/tips/bookmark-all.html]
[www.google.com/chrome/static/images/fallback/tips/specific-page.html]
[www.google.com/chrome/static/images/fallback/tips/find.html]
[www.google.com/chrome/static/images/tips/reopen-tab.html]
[www.google.com/source/captions/tips/reopen-tab_en.html]
[www.google.com/chrome/static/images/fallback/tips/clear.html]
[www.google.com/chrome/static/images/fallback/tips/zoom.html]
[www.google.com/chrome/static/images/fallback/tips/bookmark.html]
[www.google.com/chrome/static/images/icon-translate.html]
[www.google.com/chrome/static/images/fallback/icon-translate.html]
[www.google.com/chrome/static/images/icon-arts-culture.html]
[www.google.com/chrome/static/images/fallback/icon-arts-culture.html]
[www.google.com/chrome/static/images/icon-drive.html]
[www.google.com/chrome/static/images/fallback/icon-drive.html]
[www.google.com/chrome/static/images/icon-keep.html]
[www.google.com/chrome/static/images/fallback/icon-keep.html]
[www.google.com/chrome/static/js/pages/tips/main.min.html]
[www.google.com/chrome/v2/whats-new/archive.html]
[www.google.com/chrome/static/images/close-icon.html]
[www.google.com/chrome/static/images/close-icon-2x.html]
[www.google.com/chrome/static/images/survey-close-icon.html]
[www.google.com/chrome/static/images/survey-close-icon-2x.html]
[www.google.com/chrome/static/images/fallback/cards/icon-star-2.html]
[www.google.com/chrome/static/images/fallback/cards/icon-star-full-2.html]
[www.google.com/chrome/static/images/switcher-light.html]
[www.google.com/chrome/static/images/switcher-dark.html]
[www.google.com/chrome/static/images/icons/chevron-down.html]
[www.google.com/chromebook/shop-chromebooks/index.html]
[www.google.com/chromebook/discover-chromebook/index.html]
[www.google.com/chromebook/chromebookplus/index.html]
[www.google.com/chromebook/switch-to-chromebook/index.html]
[www.google.com/chromebook/whatsnew/index.html]
[www.google.com/chromebook/discover-chromebook/index0570.html]
[www.google.com/chromebook/discover-chromebook/index370d.html]
[www.google.com/chromebook/accessibility/index.html]
[www.google.com/chromebook/perks/index.html]
[www.google.com/chromebook/frequently-asked-questions/index.html]
[www.google.com/chromebook/windows-user/discover-chromebook/index.html]
[www.google.com/intl/en_US/chromebook/shop-chromebooks/indexc1fb.html]
[www.google.com/intl/en_US/chromebook/battery-claim/index.html]
[www.google.com/intl/en/chrome/devices/goodies/not-eligible.html]
[www.google.com/chromebook/static/js/perks-app.min5b86.html]
[www.gstatic.com/chromeos/offers/js/echo_provider_api.html]
[www.google.com/chromebook/static/js/perks-app.minf547.html]
[www.google.com/intl/en_US/chromebook/frequently-asked-questions/what-a-chromebook-can-do/index.html]
[www.google.com/intl/en_US/chromebook/frequently-asked-questions/are-chromebooks-good-for-gaming/index.html]
[www.google.com/chrome/whats-new/archive.html]
[www.google.com/chromebook/shop-chromebooks/indexc1fb.html]
[www.google.com/chromebook/battery-claim/index.html]
[www.google.com/chromebook/discover/index.html]
[www.google.com/chromebook/frequently-asked-questions/what-a-chromebook-can-do/index.html]
[www.google.com/chromebook/frequently-asked-questions/are-chromebooks-good-for-gaming/index.html]
[www.google.com/intl/en/chrome/assets/common/css/goodies.min.html]
[www.google.com/intl/en/chrome/index.html]
[www.google.com/intl/en/chrome/assets/common/images/chrome_logo_2x.html]
[www.google.com/intl/en/chrome/devices/goodies/chrome-extension_/kddnkjkcjddckihglkfcickdhbmaodcn/not-eligible.html]
[www.google.com/chrome/whats-new/archive/index.html]
[www.google.com/intl/en/chromebook/index.html]
[www.google.com/chrome/whats-new/archive/string, document.html]
[www.google.com/chrome/static/css/pages/whats-new/v2/archive/main.min.html]
[www.google.com/chrome/static/images/fallback/chrome-logo.html]
[www.google.com/chrome/static/images/whats-new/137/mac/tabgroups.html]
[www.google.com/chrome/static/images/whats-new/137/win/tabgroups.html]
[www.google.com/chrome/static/images/whats-new/137/linux/tabgroups.html]
[www.google.com/chrome/static/images/whats-new/133/mac/pdf-searchify.html]
[www.google.com/chrome/static/images/whats-new/133/win/pdf-searchify.html]
[www.google.com/chrome/static/images/whats-new/133/linux/pdf-searchify.html]
[www.google.com/chrome/static/images/whats-new/136/lenschrome.html]
[www.google.com/chrome/static/images/whats-new/132/share-passwords.html]
[www.google.com/chrome/static/images/whats-new/132/mac/customize-toolbar.html]
[www.google.com/chrome/static/images/whats-new/132/win/customize-toolbar.html]
[www.google.com/chrome/static/images/whats-new/132/linux/customize-toolbar.html]
[www.google.com/chrome/static/images/whats-new/134/mac/intervention.html]
[www.google.com/chrome/static/images/whats-new/134/win/intervention.html]
[www.google.com/chrome/static/images/whats-new/134/linux/intervention.html]
[www.google.com/chrome/static/images/whats-new/129/mac/pay.html]
[www.google.com/chrome/static/images/whats-new/129/win/pay.html]
[www.google.com/chrome/static/images/whats-new/129/linux/pay.html]
[www.google.com/chrome/static/images/whats-new/128/v1/mac/lens.html]
[www.google.com/chrome/static/images/whats-new/128/v1/win/lens.html]
[www.google.com/chrome/static/images/whats-new/128/v1/linux/lens.html]
[www.google.com/chrome/static/images/whats-new/128/v1/mac/gemini.html]
[www.google.com/chrome/static/images/whats-new/128/v1/win/gemini.html]
[www.google.com/chrome/static/images/whats-new/128/v1/linux/gemini.html]
[www.google.com/chrome/static/images/whats-new/127-side-panel-pinning/mac/pin.html]
[www.google.com/chrome/static/images/whats-new/127-side-panel-pinning/win/pin.html]
[www.google.com/chrome/static/images/whats-new/127-side-panel-pinning/linux/pin.html]
[www.google.com/chrome/static/images/whats-new/125/mac/search-suggestions.html]
[www.google.com/chrome/static/images/whats-new/125/win/search-suggestions.html]
[www.google.com/chrome/static/images/whats-new/125/linux/search-suggestions.html]
[www.google.com/chrome/static/images/whats-new/125/mac/review-privacy.html]
[www.google.com/chrome/static/images/whats-new/125/win/review-privacy.html]
[www.google.com/chrome/static/images/whats-new/125/linux/review-privacy.html]
[www.google.com/chrome/static/images/whats-new/123/mac/helpmewrite.html]
[www.google.com/chrome/static/images/whats-new/123/win/helpmewrite.html]
[www.google.com/chrome/static/images/whats-new/123/linux/helpmewrite.html]
[www.google.com/chrome/static/images/whats-new/123/mac/gen-ai-theming.html]
[www.google.com/chrome/static/images/whats-new/123/win/gen-ai-theming.html]
[www.google.com/chrome/static/images/whats-new/123/linux/gen-ai-theming.html]
[www.google.com/chrome/static/images/whats-new/123/mac/ai-tabs.html]
[www.google.com/chrome/static/images/whats-new/123/win/ai-tabs.html]
[www.google.com/chrome/static/images/whats-new/123/linux/ai-tabs.html]
[www.google.com/chrome/static/images/whats-new/122/mac/tab-groups.html]
[www.google.com/chrome/static/images/whats-new/122/win/tab-groups.html]
[www.google.com/chrome/static/images/whats-new/122/linux/tab-groups.html]
[www.google.com/chrome/static/images/whats-new/122/mac/translations.html]
[www.google.com/chrome/static/images/whats-new/122/win/translations.html]
[www.google.com/chrome/static/images/whats-new/122/linux/translations.html]
[www.google.com/chrome/static/images/whats-new/122/mac/safer-browsing-kids.html]
[www.google.com/chrome/static/images/whats-new/122/win/safer-browsing-kids.html]
[www.google.com/chrome/static/images/whats-new/122/linux/safer-browsing-kids.html]
[www.google.com/chrome/static/images/icons/frozen_deprecation_icon.html]
[www.google.com/chrome/static/images/fallback/frozen_deprecation_icon.html]
[www.google.com/chrome/static/js/pages/whats-new/v2/archive/main.min.html]
[www.google.com/chrome/static/js/installer.min.html]
